../Drivers/IO_Expand/SX1509B.c:19:9:SX1509B_WriteReg	24	static
../Drivers/IO_Expand/SX1509B.c:29:9:SX1509B_WriteRegSequence	24	static
../Drivers/IO_Expand/SX1509B.c:39:9:SX1509B_ReadReg	32	static
../Drivers/IO_Expand/SX1509B.c:50:9:SX1509B_ReadRegSequence	40	static
../Drivers/IO_Expand/SX1509B.c:77:9:SX1509B_HardReset	16	static
../Drivers/IO_Expand/SX1509B.c:100:9:SX1509B_RegReset	8	static
../Drivers/IO_Expand/SX1509B.c:107:9:SX1509B_SetClock	24	static
../Drivers/IO_Expand/SX1509B.c:138:9:SX1509B_WritePin	32	static
../Drivers/IO_Expand/SX1509B.c:182:9:SX1509B_LedDriverInit	40	static
../Drivers/IO_Expand/SX1509B.c:250:9:SX1509B_ConfigPinMode	24	static
../Drivers/IO_Expand/SX1509B.c:302:9:SX1509B_EnableInterrupt	32	static
../Drivers/IO_Expand/SX1509B.c:351:9:SX1509B_DebounceConfig	24	static
../Drivers/IO_Expand/SX1509B.c:374:9:SX1509B_DebounceTime	16	static
../Drivers/IO_Expand/SX1509B.c:408:10:SX1509B_InterruptSource	16	static
../Drivers/IO_Expand/SX1509B.c:418:6:SX1509B_CheckInterrupt	8	static
../Drivers/IO_Expand/SX1509B.c:426:6:SX1509B_SearchInterruptPin	8	static
../Drivers/IO_Expand/SX1509B.c:446:9:SX1509B_DebounceEnable	24	static
../Drivers/IO_Expand/SX1509B.c:455:9:SX1509B_Init	24	static
