../Core/Src/stm32f4xx_it.c:80:6:NMI_Handler	0	static
../Core/Src/stm32f4xx_it.c:95:6:HardFault_Handler	0	static
../Core/Src/stm32f4xx_it.c:110:6:MemManage_Handler	0	static
../Core/Src/stm32f4xx_it.c:125:6:BusFault_Handler	0	static
../Core/Src/stm32f4xx_it.c:140:6:UsageFault_Handler	0	static
../Core/Src/stm32f4xx_it.c:155:6:DebugMon_Handler	0	static
../Core/Src/stm32f4xx_it.c:175:6:EXTI2_IRQHandler	0	static
../Core/Src/stm32f4xx_it.c:189:6:TIM3_IRQHandler	8	static
../Core/Src/stm32f4xx_it.c:204:6:SDIO_IRQHandler	0	static
../Core/Src/stm32f4xx_it.c:218:6:TIM5_IRQHandler	0	static
../Core/Src/stm32f4xx_it.c:232:6:DMA2_Stream0_IRQHandler	0	static
../Core/Src/stm32f4xx_it.c:246:6:DMA2_Stream2_IRQHandler	0	static
../Core/Src/stm32f4xx_it.c:260:6:DMA2_Stream3_IRQHandler	0	static
../Core/Src/stm32f4xx_it.c:274:6:DMA2_Stream4_IRQHandler	0	static
