../Drivers/LCD/ST7789/Draw.c:72:6:Draw_CircleProgress	40	static
../Drivers/LCD/ST7789/Draw.c:160:6:Draw_Pixel	16	static
../Drivers/LCD/ST7789/Draw.c:164:6:Draw_LineCircleProgress	48	static
../Drivers/LCD/ST7789/Draw.c:272:6:Draw_CreateLineCircleProgress	48	static
../Drivers/LCD/ST7789/Draw.c:355:6:Draw_CreateLineCircleProgressFast	48	static
../Drivers/LCD/ST7789/Draw.c:449:6:Draw_LineCircleProgressSmall	48	static
../Drivers/LCD/ST7789/Draw.c:535:6:Draw_LineCircleProgress_2	56	static
../Drivers/LCD/ST7789/Draw.c:610:6:Draw_CreatePlayMusic	128	static
../Drivers/LCD/ST7789/Draw.c:622:6:Test_Draw_CircleProgress	24	static
../Drivers/LCD/ST7789/Draw.c:638:6:Draw_DigitalClock	48	static
../Drivers/LCD/ST7789/Draw.c:654:6:Draw_BatteryLevel	32	static
../Drivers/LCD/ST7789/Draw.c:695:6:Draw_BatteryCheckProhibiton	32	static
../Drivers/LCD/ST7789/Draw.c:715:6:Draw_MusicName	168	static
../Drivers/LCD/ST7789/Draw.c:787:6:Draw_MusicNameFast	152	static
../Drivers/LCD/ST7789/Draw.c:821:6:Draw_CreateListMusic	16	static
../Drivers/LCD/ST7789/Draw.c:828:6:Draw_ListMusic	16	static
../Drivers/LCD/ST7789/Draw.c:837:6:Draw_VolumeInvisible	16	static
../Drivers/LCD/ST7789/Draw.c:843:6:Draw_Volume	40	static
../Drivers/LCD/ST7789/Draw.c:889:6:Draw_SettingIcons	56	static
../Drivers/LCD/ST7789/Draw.c:946:6:Draw_SettingElement	56	static
../Drivers/LCD/ST7789/Draw.c:983:6:Draw_CreateSetting	16	static
../Drivers/LCD/ST7789/Draw.c:990:6:Draw_ListSetting	16	static
