../Drivers/LCD/ST7789/ST7789.c:28:13:ST7789_WriteCommand	16	static
../Drivers/LCD/ST7789/ST7789.c:42:6:ST7789_WriteData	24	static
../Drivers/LCD/ST7789/ST7789.c:73:13:ST7789_WriteSmallData	16	static
../Drivers/LCD/ST7789/ST7789.c:86:6:ST7789_SetRotation	16	static
../Drivers/LCD/ST7789/ST7789.c:112:6:ST7789_SetAddressWindow	40	static
../Drivers/LCD/ST7789/ST7789.c:141:6:ST7789_Init	56	static
../Drivers/LCD/ST7789/ST7789.c:212:6:MemsetBuffer	24	static
../Drivers/LCD/ST7789/ST7789.c:224:6:ST7789_Fill_Color	24	static
../Drivers/LCD/ST7789/ST7789.c:255:6:ST7789_FillFullX	32	static
../Drivers/LCD/ST7789/ST7789.c:291:6:ST7789_Fill	32	static
../Drivers/LCD/ST7789/ST7789.c:314:6:ST7789_DrawPixel	24	static
../Drivers/LCD/ST7789/ST7789.c:334:6:ST7789_DrawPixel_4px	32	static
../Drivers/LCD/ST7789/ST7789.c:350:6:ST7789_DrawLine	40	static
../Drivers/LCD/ST7789/ST7789.c:411:6:ST7789_DrawRectangle	32	static
../Drivers/LCD/ST7789/ST7789.c:428:6:ST7789_DrawCircle	40	static
../Drivers/LCD/ST7789/ST7789.c:468:6:ST7789_SwapByteHighLow	24	static
../Drivers/LCD/ST7789/ST7789.c:487:6:ST7789_DrawImage	24	static
../Drivers/LCD/ST7789/ST7789.c:509:6:ST7789_InvertColors	16	static
../Drivers/LCD/ST7789/ST7789.c:525:6:ST7789_WriteChar	48	static
../Drivers/LCD/ST7789/ST7789.c:556:6:ST7789_WriteString	32	static
../Drivers/LCD/ST7789/ST7789.c:579:6:ST7789_WriteStringAutoDownLine	48	static
../Drivers/LCD/ST7789/ST7789.c:612:6:ST7789_WriteStringOnBackground	40	static
../Drivers/LCD/ST7789/ST7789.c:664:6:ST7789_ChangeStringToLeft	136	static
../Drivers/LCD/ST7789/ST7789.c:727:6:ST7789_ChangeStringToMiddle	144	static
../Drivers/LCD/ST7789/ST7789.c:836:6:ST7789_WriteStringLenght	48	static
../Drivers/LCD/ST7789/ST7789.c:855:6:ST7789_WriteStringToMiddle	64	static
../Drivers/LCD/ST7789/ST7789.c:883:6:ST7789_DrawFilledRectangle	40	static
../Drivers/LCD/ST7789/ST7789.c:917:6:ST7789_DrawTriangle	32	static
../Drivers/LCD/ST7789/ST7789.c:933:6:ST7789_DrawFilledTriangle	64	static
../Drivers/LCD/ST7789/ST7789.c:1002:6:ST7789_DrawFilledCircle	48	static
../Drivers/LCD/ST7789/ST7789.c:1042:6:ST7789_TearEffect	16	static
../Drivers/LCD/ST7789/ST7789.c:1055:6:ST7789_Test	8	static
../Drivers/LCD/ST7789/ST7789.c:1135:6:ST7789_WriteStringImage	40	static
../Drivers/LCD/ST7789/ST7789.c:1162:6:ST7789_WriteStringImagelenght	48	static
../Drivers/LCD/ST7789/ST7789.c:1191:6:ST7789_WriteStringImageToMiddle	56	static
