../Drivers/LCD/ST7789/ST7789.c:27:13:ST7789_WriteCommand	16	static
../Drivers/LCD/ST7789/ST7789.c:73:13:ST7789_WriteSmallData	16	static
../Drivers/LCD/ST7789/ST7789.c:41:13:ST7789_WriteData	32	static
../Drivers/LCD/ST7789/ST7789.c:112:13:ST7789_SetAddressWindow	32	static
../Drivers/LCD/ST7789/ST7789.c:86:6:ST7789_SetRotation	8	static
../Drivers/LCD/ST7789/ST7789.c:206:6:ST7789_Fill_Color	16	static
../Drivers/LCD/ST7789/ST7789.c:141:6:ST7789_Init	32	static
../Drivers/LCD/ST7789/ST7789.c:235:6:ST7789_DrawPixel	24	static
../Drivers/LCD/ST7789/ST7789.c:254:6:ST7789_Fill	40	static
../Drivers/LCD/ST7789/ST7789.c:275:6:ST7789_DrawPixel_4px	32	static
../Drivers/LCD/ST7789/ST7789.c:291:6:ST7789_DrawLine	48	static
../Drivers/LCD/ST7789/ST7789.c:352:6:ST7789_DrawRectangle	40	static
../Drivers/LCD/ST7789/ST7789.c:369:6:ST7789_DrawCircle	56	static
../Drivers/LCD/ST7789/ST7789.c:428:6:ST7789_DrawImage	24	static
../Drivers/LCD/ST7789/ST7789.c:450:6:ST7789_InvertColors	8	static
../Drivers/LCD/ST7789/ST7789.c:466:6:ST7789_WriteChar	56	static
../Drivers/LCD/ST7789/ST7789.c:497:6:ST7789_WriteString	48	static
../Drivers/LCD/ST7789/ST7789.c:528:6:ST7789_DrawFilledRectangle	40	static
../Drivers/LCD/ST7789/ST7789.c:562:6:ST7789_DrawTriangle	48	static
../Drivers/LCD/ST7789/ST7789.c:578:6:ST7789_DrawFilledTriangle	80	static
../Drivers/LCD/ST7789/ST7789.c:647:6:ST7789_DrawFilledCircle	64	static
../Drivers/LCD/ST7789/ST7789.c:687:6:ST7789_TearEffect	8	static
../Drivers/LCD/ST7789/ST7789.c:700:6:ST7789_Test	32	static
