../Drivers/Audio/WM8960/Play_wav.c:69:6:Audio_CreatePreviousSongList	8	static
../Drivers/Audio/WM8960/Play_wav.c:75:13:Audio_AddPreviousSong	16	static
../Drivers/Audio/WM8960/Play_wav.c:81:13:Audio_GetPreviousSong	16	static
../Drivers/Audio/WM8960/Play_wav.c:92:9:ScanWavefiles	368	static
../Drivers/Audio/WM8960/Play_wav.c:143:9:Get_WAV_Message	40	static
../Drivers/Audio/WM8960/Play_wav.c:227:9:Fill_WAV_Buffer	48	static
../Drivers/Audio/WM8960/Play_wav.c:389:9:PlayWaveFile	16	static,ignoring_inline_asm
../Drivers/Audio/WM8960/Play_wav.c:536:6:HAL_I2S_TxHalfCpltCallback	16	static
../Drivers/Audio/WM8960/Play_wav.c:545:6:HAL_I2S_TxCpltCallback	16	static
